2025-08-27 10:35:21 [scrapy.utils.log] INFO: Scrapy 2.13.3 started (bot: masothue)
2025-08-27 10:35:21 [scrapy.utils.log] INFO: Versions:
{'lxml': '5.2.1',
 'libxml2': '2.10.4',
 'cssselect': '1.2.0',
 'parsel': '1.8.1',
 'w3lib': '2.0.0',
 'Twisted': '23.10.0',
 'Python': '3.12.7 | packaged by Anaconda, Inc. | (main, Oct  4 2024, '
           '13:27:36) [GCC 11.2.0]',
 'pyOpenSSL': '24.2.1 (OpenSSL 3.0.16 11 Feb 2025)',
 'cryptography': '43.0.0',
 'Platform': 'Linux-6.14.0-27-generic-x86_64-with-glibc2.39'}
2025-08-27 10:35:21 [scrapy.addons] INFO: Enabled addons:
[]
2025-08-27 10:35:21 [scrapy.extensions.telnet] INFO: Telnet Password: 2cb3e88b42a40744
2025-08-27 10:35:21 [scrapy.middleware] INFO: Enabled extensions:
['scrapy.extensions.corestats.CoreStats',
 'scrapy.extensions.telnet.TelnetConsole',
 'scrapy.extensions.memusage.MemoryUsage',
 'scrapy.extensions.logstats.LogStats',
 'scrapy.extensions.throttle.AutoThrottle']
2025-08-27 10:35:21 [scrapy.crawler] INFO: Overridden settings:
{'AUTOTHROTTLE_ENABLED': True,
 'AUTOTHROTTLE_MAX_DELAY': 10,
 'AUTOTHROTTLE_START_DELAY': 2,
 'BOT_NAME': 'masothue',
 'CONCURRENT_REQUESTS': 8,
 'CONCURRENT_REQUESTS_PER_DOMAIN': 4,
 'COOKIES_ENABLED': False,
 'DOWNLOAD_DELAY': 1.0,
 'DOWNLOAD_FAIL_ON_DATALOSS': False,
 'LOG_FILE': '/home/hoanganh12/masothue/data/raw/logs/default/json_parser_spider/2025-08-27T10_35_17.log',
 'LOG_LEVEL': 'INFO',
 'NEWSPIDER_MODULE': 'masothue.spiders',
 'RETRY_HTTP_CODES': [500, 502, 503, 504, 522, 524, 408, 403, 407],
 'RETRY_TIMES': 5,
 'SPIDER_MODULES': ['masothue.spiders'],
 'USER_AGENT': 'Mozilla/5.0 (Windows NT 10.0; Win64; x64) AppleWebKit/537.36 '
               '(KHTML, like Gecko) Chrome/115.0.0.0 Safari/537.36'}
2025-08-27 10:35:22 [py.warnings] WARNING: /home/hoanganh12/anaconda3/lib/python3.12/site-packages/scrapy/utils/url.py:26: ScrapyDeprecationWarning: The scrapy.utils.url.canonicalize_url function is deprecated, use w3lib.url.canonicalize_url instead.
  warnings.warn(

2025-08-27 10:35:22 [scrapy.middleware] INFO: Enabled downloader middlewares:
['scrapy.downloadermiddlewares.offsite.OffsiteMiddleware',
 'scrapy.downloadermiddlewares.httpauth.HttpAuthMiddleware',
 'scrapy.downloadermiddlewares.downloadtimeout.DownloadTimeoutMiddleware',
 'masothue.middleware.TMProxyMiddleware',
 'scrapy.downloadermiddlewares.defaultheaders.DefaultHeadersMiddleware',
 'scrapy.downloadermiddlewares.useragent.UserAgentMiddleware',
 'masothue.middleware.TMProxyRetryMiddleware',
 'scrapy.downloadermiddlewares.redirect.MetaRefreshMiddleware',
 'scrapy.downloadermiddlewares.redirect.RedirectMiddleware',
 'scrapy_splash.SplashCookiesMiddleware',
 'scrapy_splash.SplashMiddleware',
 'scrapy.downloadermiddlewares.httpproxy.HttpProxyMiddleware',
 'scrapy.downloadermiddlewares.httpcompression.HttpCompressionMiddleware',
 'scrapy.downloadermiddlewares.stats.DownloaderStats']
2025-08-27 10:35:22 [scrapy.middleware] INFO: Enabled spider middlewares:
['scrapy.spidermiddlewares.start.StartSpiderMiddleware',
 'scrapy.spidermiddlewares.httperror.HttpErrorMiddleware',
 'scrapy_splash.SplashDeduplicateArgsMiddleware',
 'scrapy.spidermiddlewares.referer.RefererMiddleware',
 'scrapy.spidermiddlewares.urllength.UrlLengthMiddleware',
 'scrapy.spidermiddlewares.depth.DepthMiddleware']
2025-08-27 10:35:22 [py.warnings] WARNING: /home/hoanganh12/anaconda3/lib/python3.12/site-packages/scrapy/core/spidermw.py:98: ScrapyDeprecationWarning: The following enabled spider middlewares, directly or through their parent classes, define the deprecated process_start_requests() method: scrapy_splash.middleware.SplashDeduplicateArgsMiddleware. process_start_requests() has been deprecated in favor of a new method, process_start(), to support asynchronous code execution. process_start_requests() will stop being called in a future version of Scrapy. If you use Scrapy 2.13 or higher only, replace process_start_requests() with process_start(); note that process_start() is a coroutine (async def). If you need to maintain compatibility with lower Scrapy versions, when defining process_start_requests() in a spider middleware class, define process_start() as well. See the release notes of Scrapy 2.13 for details: https://docs.scrapy.org/en/2.13/news.html
  warn(

2025-08-27 10:35:22 [scrapy.core.spidermw] WARNING: Middleware scrapy_splash.middleware.SplashDeduplicateArgsMiddleware doesn't support asynchronous spider output, this is deprecated and will stop working in a future version of Scrapy. The middleware should be updated to support it. Please see https://docs.scrapy.org/en/latest/topics/coroutines.html#for-middleware-users for more information.
2025-08-27 10:35:22 [scrapy.middleware] INFO: Enabled item pipelines:
['masothue.pipelines.PostgresPipeline']
2025-08-27 10:35:22 [scrapy.core.engine] INFO: Spider opened
2025-08-27 10:35:22 [py.warnings] WARNING: /home/hoanganh12/anaconda3/lib/python3.12/site-packages/scrapy/core/spidermw.py:433: ScrapyDeprecationWarning: masothue.spiders.parse_data.JsonParserSpider defines the deprecated start_requests() method. start_requests() has been deprecated in favor of a new method, start(), to support asynchronous code execution. start_requests() will stop being called in a future version of Scrapy. If you use Scrapy 2.13 or higher only, replace start_requests() with start(); note that start() is a coroutine (async def). If you need to maintain compatibility with lower Scrapy versions, when overriding start_requests() in a spider class, override start() as well; you can use super() to reuse the inherited start() implementation without copy-pasting. See the release notes of Scrapy 2.13 for details: https://docs.scrapy.org/en/2.13/news.html
  warn(

2025-08-27 10:35:22 [scrapy.extensions.logstats] INFO: Crawled 0 pages (at 0 pages/min), scraped 0 items (at 0 items/min)
2025-08-27 10:35:22 [scrapy.extensions.telnet] INFO: Telnet console listening on 127.0.0.1:6023
2025-08-27 10:35:22 [json_parser_spider] INFO: [*] Bắt đầu parse dữ liệu JSONB từ company_tax_info_table...
2025-08-27 10:35:22 [masothue.middleware] ERROR: [TMProxy] Lỗi lấy proxy mới: Gói Hết hạn
2025-08-27 10:35:22 [masothue.middleware] WARNING: [TMProxy] Không lấy được current proxy: Hiện không có proxy trên api này
2025-08-27 10:35:22 [json_parser_spider] WARNING: [TMProxy] Không lấy được proxy mới hoặc current
2025-08-27 10:35:22 [json_parser_spider] WARNING: [TMProxy] Không lấy được proxy!
2025-08-27 10:35:22 [masothue.middleware] ERROR: [TMProxy] Lỗi lấy proxy mới: Gói Hết hạn
2025-08-27 10:35:23 [masothue.middleware] WARNING: [TMProxy] Không lấy được current proxy: Hiện không có proxy trên api này
2025-08-27 10:35:23 [json_parser_spider] WARNING: [TMProxy] Không lấy được proxy mới hoặc current
2025-08-27 10:35:23 [json_parser_spider] WARNING: [TMProxy] Không lấy được proxy!
2025-08-27 10:35:23 [json_parser_spider] WARNING: [TMProxy] Exception: Unsupported URL scheme 'db': no handler available for that scheme → retry với proxy mới/current
2025-08-27 10:35:23 [masothue.middleware] ERROR: [TMProxy] Lỗi lấy proxy mới: Gói Hết hạn
2025-08-27 10:35:23 [masothue.middleware] WARNING: [TMProxy] Không lấy được current proxy: Hiện không có proxy trên api này
2025-08-27 10:35:23 [json_parser_spider] ERROR: [TMProxy] Không lấy được proxy mới hoặc current → bỏ request
2025-08-27 10:35:23 [json_parser_spider] WARNING: [TMProxy] Exception: Unsupported URL scheme 'db': no handler available for that scheme → retry với proxy mới/current
2025-08-27 10:35:23 [masothue.middleware] ERROR: [TMProxy] Lỗi lấy proxy mới: Gói Hết hạn
2025-08-27 10:35:23 [masothue.middleware] WARNING: [TMProxy] Không lấy được current proxy: Hiện không có proxy trên api này
2025-08-27 10:35:23 [json_parser_spider] ERROR: [TMProxy] Không lấy được proxy mới hoặc current → bỏ request
2025-08-27 10:35:24 [masothue.middleware] ERROR: [TMProxy] Lỗi lấy proxy mới: Gói Hết hạn
2025-08-27 10:35:24 [masothue.middleware] WARNING: [TMProxy] Không lấy được current proxy: Hiện không có proxy trên api này
2025-08-27 10:35:24 [json_parser_spider] WARNING: [TMProxy] Không lấy được proxy mới hoặc current
2025-08-27 10:35:24 [json_parser_spider] WARNING: [TMProxy] Không lấy được proxy!
2025-08-27 10:35:40 [masothue.middleware] ERROR: [TMProxy] Lỗi lấy proxy mới: Gói Hết hạn
2025-08-27 10:35:40 [masothue.middleware] WARNING: [TMProxy] Không lấy được current proxy: Hiện không có proxy trên api này
2025-08-27 10:35:40 [json_parser_spider] WARNING: [TMProxy] Không lấy được proxy mới hoặc current
2025-08-27 10:35:40 [json_parser_spider] WARNING: [TMProxy] Không lấy được proxy!
2025-08-27 10:35:40 [json_parser_spider] WARNING: [TMProxy] Exception: Unsupported URL scheme 'db': no handler available for that scheme → retry với proxy mới/current
2025-08-27 10:35:40 [masothue.middleware] ERROR: [TMProxy] Lỗi lấy proxy mới: Gói Hết hạn
2025-08-27 10:35:40 [masothue.middleware] WARNING: [TMProxy] Không lấy được current proxy: Hiện không có proxy trên api này
2025-08-27 10:35:40 [json_parser_spider] ERROR: [TMProxy] Không lấy được proxy mới hoặc current → bỏ request
2025-08-27 10:35:40 [json_parser_spider] WARNING: [TMProxy] Exception: Unsupported URL scheme 'db': no handler available for that scheme → retry với proxy mới/current
2025-08-27 10:35:40 [masothue.middleware] ERROR: [TMProxy] Lỗi lấy proxy mới: Gói Hết hạn
2025-08-27 10:35:40 [masothue.middleware] WARNING: [TMProxy] Không lấy được current proxy: Hiện không có proxy trên api này
2025-08-27 10:35:40 [json_parser_spider] ERROR: [TMProxy] Không lấy được proxy mới hoặc current → bỏ request
2025-08-27 10:35:41 [masothue.middleware] ERROR: [TMProxy] Lỗi lấy proxy mới: Gói Hết hạn
2025-08-27 10:35:41 [masothue.middleware] WARNING: [TMProxy] Không lấy được current proxy: Hiện không có proxy trên api này
2025-08-27 10:35:41 [json_parser_spider] WARNING: [TMProxy] Không lấy được proxy mới hoặc current
2025-08-27 10:35:41 [json_parser_spider] WARNING: [TMProxy] Không lấy được proxy!
2025-08-27 10:35:41 [masothue.middleware] ERROR: [TMProxy] Lỗi lấy proxy mới: Gói Hết hạn
2025-08-27 10:35:46 [masothue.middleware] WARNING: [TMProxy] Không lấy được current proxy: Hiện không có proxy trên api này
2025-08-27 10:35:46 [json_parser_spider] WARNING: [TMProxy] Không lấy được proxy mới hoặc current
2025-08-27 10:35:46 [json_parser_spider] WARNING: [TMProxy] Không lấy được proxy!
2025-08-27 10:35:46 [json_parser_spider] WARNING: [TMProxy] Exception: Unsupported URL scheme 'db': no handler available for that scheme → retry với proxy mới/current
2025-08-27 10:36:06 [scrapy.crawler] INFO: Received SIGINT, shutting down gracefully. Send again to force 
2025-08-27 10:36:06 [masothue.middleware] ERROR: [TMProxy] Exception gọi get_new_proxy: HTTPSConnectionPool(host='tmproxy.com', port=443): Max retries exceeded with url: /api/proxy/get-new-proxy (Caused by NameResolutionError("<urllib3.connection.HTTPSConnection object at 0x760b30a48500>: Failed to resolve 'tmproxy.com' ([Errno -3] Temporary failure in name resolution)"))
2025-08-27 10:36:06 [masothue.middleware] WARNING: [TMProxy] Không lấy được current proxy: Hiện không có proxy trên api này
2025-08-27 10:36:06 [json_parser_spider] ERROR: [TMProxy] Không lấy được proxy mới hoặc current → bỏ request
2025-08-27 10:36:06 [json_parser_spider] WARNING: [TMProxy] Exception: Unsupported URL scheme 'db': no handler available for that scheme → retry với proxy mới/current
2025-08-27 10:36:06 [scrapy.crawler] INFO: Received SIGINT twice, forcing unclean shutdown
2025-08-27 10:36:08 [masothue.middleware] ERROR: [TMProxy] Lỗi lấy proxy mới: Gói Hết hạn
2025-08-27 10:36:08 [masothue.middleware] WARNING: [TMProxy] Không lấy được current proxy: Hiện không có proxy trên api này
2025-08-27 10:36:08 [json_parser_spider] ERROR: [TMProxy] Không lấy được proxy mới hoặc current → bỏ request
2025-08-27 10:36:08 [masothue.middleware] ERROR: [TMProxy] Lỗi lấy proxy mới: Gói Hết hạn
2025-08-27 10:36:08 [masothue.middleware] WARNING: [TMProxy] Không lấy được current proxy: Hiện không có proxy trên api này
2025-08-27 10:36:08 [json_parser_spider] WARNING: [TMProxy] Không lấy được proxy mới hoặc current
2025-08-27 10:36:08 [json_parser_spider] WARNING: [TMProxy] Không lấy được proxy!
2025-08-27 10:36:08 [scrapy.core.engine] INFO: Closing spider (shutdown)
